device: cuda
train samples: 48, val samples: 12
epoch   0  train_loss=0.0121  val_loss=0.0122  val_IoU=0.000  val_RMSE=0.042m
epoch  10  train_loss=0.0019  val_loss=0.0057  val_IoU=0.521  val_RMSE=0.031m
epoch  20  train_loss=0.0016  val_loss=0.0009  val_IoU=0.811  val_RMSE=0.013m
epoch  30  train_loss=0.0011  val_loss=0.0006  val_IoU=0.827  val_RMSE=0.011m
epoch  40  train_loss=0.0006  val_loss=0.0021  val_IoU=0.756  val_RMSE=0.017m
epoch  50  train_loss=0.0009  val_loss=0.0005  val_IoU=0.860  val_RMSE=0.011m
epoch  60  train_loss=0.0007  val_loss=0.0004  val_IoU=0.892  val_RMSE=0.010m
epoch  70  train_loss=0.0006  val_loss=0.0008  val_IoU=0.794  val_RMSE=0.011m
epoch  80  train_loss=0.0005  val_loss=0.0004  val_IoU=0.879  val_RMSE=0.009m
epoch  90  train_loss=0.0006  val_loss=0.0003  val_IoU=0.885  val_RMSE=0.009m
epoch 100  train_loss=0.0003  val_loss=0.0002  val_IoU=0.879  val_RMSE=0.008m
epoch 110  train_loss=0.0003  val_loss=0.0002  val_IoU=0.880  val_RMSE=0.007m
epoch 120  train_loss=0.0003  val_loss=0.0003  val_IoU=0.874  val_RMSE=0.008m
epoch 130  train_loss=0.0002  val_loss=0.0003  val_IoU=0.889  val_RMSE=0.008m
epoch 140  train_loss=0.0003  val_loss=0.0003  val_IoU=0.870  val_RMSE=0.007m
epoch 150  train_loss=0.0002  val_loss=0.0002  val_IoU=0.917  val_RMSE=0.007m
epoch 160  train_loss=0.0002  val_loss=0.0002  val_IoU=0.893  val_RMSE=0.006m
epoch 170  train_loss=0.0002  val_loss=0.0002  val_IoU=0.908  val_RMSE=0.006m
epoch 180  train_loss=0.0002  val_loss=0.0002  val_IoU=0.901  val_RMSE=0.006m
epoch 190  train_loss=0.0002  val_loss=0.0002  val_IoU=0.890  val_RMSE=0.006m
epoch 199  train_loss=0.0003  val_loss=0.0002  val_IoU=0.880  val_RMSE=0.006m

Training done in 2.4 min. Best val_loss=0.0001
Final held-out validation: mean IoU=0.894 (min=0.832), mean depth RMSE=0.006m
Worst 3 held-out samples by IoU:
  {'iou': 0.832258064516129, 'rmse_m': 0.004883520305156708, 'wet_rmse_m': 0.018615946173667908}
  {'iou': 0.8561671353957413, 'rmse_m': 0.0065223416313529015, 'wet_rmse_m': 0.03149702399969101}
  {'iou': 0.8603302097278, 'rmse_m': 0.005102450493723154, 'wet_rmse_m': 0.02031842991709709}

Model: D:\Projects\SIH 26\backend\ml_checkpoints\flood_unet_best.pt
Report: D:\Projects\SIH 26\backend\ml_checkpoints\training_report.json
